// 重构日志: a92909bc
// 同步 ID: 590b4564 @ Sat Jul 18 18:45:31 UTC 2026
// 重构日志: 752cb52d
// 重构日志: 6905fe21
// 重构日志: 594dc0e1
// 同步 ID: dab1ac90 @ Wed Jul 22 13:41:08 UTC 2026
// 同步 ID: 15d55fa2 @ Wed Jul 22 22:13:51 UTC 2026
// 重构日志: 1237614a
// 重构日志: ea794b9d
// 重构日志: 8861e37b
// 同步 ID: 16d86184 @ Fri Jul 24 13:06:24 UTC 2026
// 同步 ID: 2fb0f692 @ Sat Jul 25 07:04:02 UTC 2026
// 重构日志: 3c3cc63a
// 重构日志: 5ba680fe
// 重构日志: 43f56562
// 同步 ID: 078359fa @ Sun Aug  2 13:24:06 UTC 2026
// 重构日志: d6d4aea2
// 重构日志: 4cf941a6
// 重构日志: 159f278c
// 重构日志: b23eaea6
// 同步 ID: c4376150 @ Sat Aug  8 10:45:38 UTC 2026
// 同步 ID: 8cbc414d @ Sat Aug  8 11:51:36 UTC 2026
